\BOOKMARK [1][-]{section.1}{\376\377\137\025\212\000}{}% 1
\BOOKMARK [1][-]{section.2}{\376\377\147\000\117\163\116\000\201\364\220\074\217\321}{}% 2
\BOOKMARK [2][-]{subsection.2.1}{\376\377\145\160\133\146\164\006\213\272\127\372\170\100}{section.2}% 3
\BOOKMARK [2][-]{subsection.2.2}{\376\377\177\026\172\013\133\236\232\214\000:\000\040\116\044\116\052\121\370\121\375\145\160\166\204\147\000\117\163\116\000\201\364\220\074\217\321\116\000\153\041\131\032\230\171\137\017}{section.2}% 4
\BOOKMARK [1][-]{section.3}{\376\377\147\000\117\163\136\163\145\271\220\074\217\321\116\016\153\143\116\244\131\032\230\171\137\017}{}% 5
\BOOKMARK [2][-]{subsection.3.1}{\376\377\145\160\133\146\164\006\213\272\127\372\170\100}{section.3}% 6
\BOOKMARK [3][-]{subsubsection.3.1.1}{\376\377\147\000\117\163\136\163\145\271\220\074\217\321\164\006\213\272}{subsection.3.1}% 7
\BOOKMARK [3][-]{subsubsection.3.1.2}{\376\377\153\143\116\244\131\032\230\171\137\017}{subsection.3.1}% 8
\BOOKMARK [2][-]{subsection.3.2}{\376\377\000C\000h\000e\000b\000y\000s\000h\000e\000v\000\040\131\032\230\171\137\017\220\074\217\321}{section.3}% 9
\BOOKMARK [2][-]{subsection.3.3}{\376\377\000L\000a\000g\000r\000a\000n\000g\000e\000\040\143\322\120\074\117\131\230\171\116\016\000\040\000C\000h\000e\000b\000y\000s\000h\000e\000v\000\040\202\202\160\271}{section.3}% 10
\BOOKMARK [1][-]{section.4}{\376\377\000P\000a\000d\000\351\220\074\217\321\000\040\000\050\000P\000a\000d\000\351\000\040\000A\000p\000p\000r\000o\000x\000i\000m\000a\000t\000i\000o\000n\000\051}{}% 11
\BOOKMARK [2][-]{subsection.4.1}{\376\377\145\160\133\146\164\006\213\272\127\372\170\100}{section.4}% 12
\BOOKMARK [2][-]{subsection.4.2}{\376\377\177\026\172\013\133\236\232\214\000:\000\040\121\340\116\052\122\035\173\111\121\375\145\160\166\204\000P\000a\000d\000\351\220\074\217\321\213\241\173\227\116\016\126\376\120\317\133\371\153\324}{section.4}% 13
\BOOKMARK [2][-]{subsection.4.3}{\376\377\220\074\217\321\140\047\200\375\122\006\147\220}{section.4}% 14
\BOOKMARK [3][-]{subsubsection.4.3.1}{\376\377\220\074\217\321\226\066\145\160\116\016\134\100\220\350\145\066\145\133\220\037\136\246}{subsection.4.3}% 15
\BOOKMARK [3][-]{subsubsection.4.3.2}{\376\377\131\107\160\271\152\041\142\337\116\016\147\011\145\110\203\003\126\364\166\204\142\151\134\125}{subsection.4.3}% 16
\BOOKMARK [3][-]{subsubsection.4.3.3}{\376\377\145\340\172\167\217\334\131\004\166\204\156\020\217\321\210\114\116\072}{subsection.4.3}% 17
\BOOKMARK [3][-]{subsubsection.4.3.4}{\376\377\140\073\176\323}{subsection.4.3}% 18
\BOOKMARK [1][-]{section.5}{\376\377\133\236\232\214\140\073\176\323\116\016\122\006\147\220}{}% 19
\BOOKMARK [1][-]{section.6}{\376\377\116\015\215\263\116\016\145\071\217\333\145\271\124\021}{}% 20
\BOOKMARK [2][-]{subsection.6.1}{\376\377\000R\000u\000n\000g\000e\000\040\163\260\214\141\166\204\145\160\120\074\143\242\172\166}{section.6}% 21
\BOOKMARK [2][-]{subsection.6.2}{\376\377\000R\000e\000m\000e\000z\000\040\173\227\154\325\166\204\133\214\145\164\133\236\163\260}{section.6}% 22
\BOOKMARK [2][-]{subsection.6.3}{\376\377\173\227\154\325\133\236\163\260\166\204\220\032\165\050\140\047}{section.6}% 23
\BOOKMARK [1][-]{section.7}{\376\377\116\052\116\272\140\363\154\325}{}% 24
\BOOKMARK [1][-]{appendix.A}{\376\377\226\104\137\125\000:\000\040\000M\000A\000T\000L\000A\000B\000\040\172\013\136\217\116\343\170\001}{}% 25
\BOOKMARK [2][-]{subsection.A.1}{\376\377\147\000\117\163\116\000\201\364\220\074\217\321\133\236\232\214}{appendix.A}% 26
\BOOKMARK [2][-]{subsection.A.2}{\376\377\147\000\117\163\136\163\145\271\220\074\217\321\133\236\232\214\377\032\000C\000h\000e\000b\000y\000s\000h\000e\000v\131\032\230\171\137\017}{appendix.A}% 27
\BOOKMARK [2][-]{subsection.A.3}{\376\377\000L\000a\000g\000r\000a\000n\000g\000e\143\322\120\074\116\016\000C\000h\000e\000b\000y\000s\000h\000e\000v\202\202\160\271\133\236\232\214}{appendix.A}% 28
\BOOKMARK [2][-]{subsection.A.4}{\376\377\147\011\164\006\220\074\217\321\133\236\232\214}{appendix.A}% 29
